[phase3-assurance] verify:icons
[phase3-assurance] compile-magnus
[phase3-assurance] transpile-client
[phase3-assurance] typecheck-client
[phase3-assurance] typecheck:graphs
[phase3-assurance] test:graphs
[phase3-assurance] test:prebase-pure:compiled
[phase3-assurance] test:prebase-magnus
[phase3-assurance] verify:graphs-boundary
[phase3-assurance] verify:graphs-runtime-boundary
[phase3-assurance] node scripts/startup/verify-magnus-out.mjs
[phase3-assurance] verify:privacy
[phase3-assurance] verify:config-uniqueness
[phase3-assurance] verify:startup
[phase3-assurance] verify:dialog-routing
[phase3-assurance] verify:typescript
[phase3-assurance] verify:supabase-migrations
[phase3-assurance] verify:supabase-rls-static
{
  "ok": true,
  "sourceHead": "2da47a5f1e83a7561e672aa051b03466a2aee311",
  "failed": []
}
