{
  "ok": true,
  "failures": [],
  "moving": {
    "ok": true,
    "action": "click",
    "locator": "role=button name=Moving",
    "match": {
      "tag": "button",
      "role": "button",
      "name": "Moving",
      "enabled": true,
      "visible": true
    },
    "title": "PreBase Electron Fixture",
    "url": "file:///workspace/test/prebase/fixtures/desktop-electron/index.html",
    "duration": 243,
    "framework": "electron",
    "backend": "cdp"
  },
  "doubleClick": {
    "ok": true,
    "action": "doubleClick",
    "locator": "role=button name=Visible",
    "match": {
      "tag": "button",
      "role": "button",
      "name": "Visible",
      "enabled": true,
      "visible": true
    },
    "title": "PreBase Electron Fixture",
    "url": "file:///workspace/test/prebase/fixtures/desktop-electron/index.html",
    "duration": 11,
    "framework": "electron",
    "backend": "cdp"
  }
}
