[lifecycle-rerun] start 2026-08-29T03:46:40Z HEAD=b736017122e253d2da27e8d21fdbe6891994d6d2
{
  "ok": true,
  "failures": [],
  "classification": "warm-provisioning",
  "cold": 7,
  "warm": 41,
  "cycles": [
    {
      "id": "cycle-1",
      "processCount": 14,
      "liveCount": 1
    },
    {
      "id": "cycle-2",
      "processCount": 18
    },
    {
      "id": "cycle-3",
      "processCount": 21,
      "liveCount": 1
    },
    {
      "id": "cycle-4",
      "processCount": 21,
      "liveCount": 1
    },
    {
      "id": "cycle-5",
      "processCount": 43,
      "liveCount": 1
    },
    {
      "id": "cycle-6",
      "processCount": 43,
      "liveCount": 1
    }
  ],
  "quit": {
    "before": "23911     1  12.8 264480 ./.build/electron/PreBase.app/Contents/MacOS/PreBase",
    "remaining": "gone",
    "leftoverPids": [],
    "latencyMs": 945,
    "terminationPath": "workbench",
    "workbenchCompleted": true,
    "usedSigterm": false,
    "usedSigkill": false
  }
}
[lifecycle-rerun] exit=0
[lifecycle-rerun] done 2026-08-29T03:52:02Z
