{
  "ok": true,
  "failures": [],
  "classification": "warm-provisioning",
  "cold": 10,
  "warm": 13,
  "cycles": [
    {
      "id": "cycle-1",
      "processCount": 15,
      "liveCount": 1
    },
    {
      "id": "cycle-2",
      "processCount": 19,
      "liveCount": 1
    },
    {
      "id": "cycle-3",
      "processCount": 19,
      "liveCount": 1
    },
    {
      "id": "cycle-4",
      "processCount": 23,
      "liveCount": 1
    },
    {
      "id": "cycle-5",
      "processCount": 23,
      "liveCount": 1
    }
  ],
  "quit": {
    "before": "291593       1 16.6 799012 prebase",
    "remaining": "gone",
    "leftoverPids": [],
    "latencyMs": 1125,
    "terminationPath": "workbench",
    "workbenchCompleted": true,
    "usedSigterm": false,
    "usedSigkill": false
  }
}
