{
  "schemaVersion": 3,
  "scenario": "parser-benchmark",
  "sourceHead": "a5664becce62c5c8f42fd12a194f81ef395d41a1",
  "sourceFingerprint": "8b48804676a978f10ac8e2c0c5adc371a570e431c4633f8c15b9cb1074af9bbc",
  "productFingerprint": "8b48804676a978f10ac8e2c0c5adc371a570e431c4633f8c15b9cb1074af9bbc",
  "generatedAt": "2026-08-30T01:44:56.748Z",
  "producerId": "parser-benchmark",
  "producerFingerprint": "2d800673cffcd8f821d18739852c99ad2c28795e38b9bbcfa7412eb0910dd53a",
  "ok": true,
  "methodology": "fresh-process warmup + 3 repetitions, median/p95, ~1000 TS files (graphs/src plus generated). Outer parseBatchSize is Promise.all over files, not N parser-utility processes.",
  "chosenParseBatchSize": 32,
  "rows": [
    {
      "parseBatchSize": 8,
      "fileCount": 1000,
      "nodes": 1000,
      "digest": "7aa5fa041eeaf7520446becdba214c613353fdb3b85cef514a5271db955b9828",
      "repetitions": 3,
      "wallMedianMs": 413,
      "wallP95Ms": 417,
      "peakRssMedianMb": 283.3,
      "rssDeltaMedianMb": 143.59,
      "eventLoopLagP95MedianMs": 17,
      "samples": [
        {
          "parseBatchSize": 8,
          "wallMs": 405,
          "fileCount": 1000,
          "nodes": 1000,
          "digest": "7aa5fa041eeaf7520446becdba214c613353fdb3b85cef514a5271db955b9828",
          "rssMb": 282.7,
          "rssDeltaMb": 149.97,
          "heapDeltaMb": 92.75,
          "eventLoopLagP50Ms": 0,
          "eventLoopLagP95Ms": 17
        },
        {
          "parseBatchSize": 8,
          "wallMs": 417,
          "fileCount": 1000,
          "nodes": 1000,
          "digest": "7aa5fa041eeaf7520446becdba214c613353fdb3b85cef514a5271db955b9828",
          "rssMb": 283.3,
          "rssDeltaMb": 143.58,
          "heapDeltaMb": 92.56,
          "eventLoopLagP50Ms": 0,
          "eventLoopLagP95Ms": 17
        },
        {
          "parseBatchSize": 8,
          "wallMs": 413,
          "fileCount": 1000,
          "nodes": 1000,
          "digest": "7aa5fa041eeaf7520446becdba214c613353fdb3b85cef514a5271db955b9828",
          "rssMb": 283.8,
          "rssDeltaMb": 143.59,
          "heapDeltaMb": 92.55,
          "eventLoopLagP50Ms": 0,
          "eventLoopLagP95Ms": 3
        }
      ],
      "note": "Fresh process per sample, including one discarded warmup. Fixture is graphs/src plus generated files to reach 1000 TypeScript sources. parseBatchSize is the outer Promise.all window; parseBatch remains sequential inside each worker."
    },
    {
      "parseBatchSize": 16,
      "fileCount": 1000,
      "nodes": 1000,
      "digest": "7aa5fa041eeaf7520446becdba214c613353fdb3b85cef514a5271db955b9828",
      "repetitions": 3,
      "wallMedianMs": 327,
      "wallP95Ms": 328,
      "peakRssMedianMb": 277.2,
      "rssDeltaMedianMb": 137.83,
      "eventLoopLagP95MedianMs": 20,
      "samples": [
        {
          "parseBatchSize": 16,
          "wallMs": 328,
          "fileCount": 1000,
          "nodes": 1000,
          "digest": "7aa5fa041eeaf7520446becdba214c613353fdb3b85cef514a5271db955b9828",
          "rssMb": 277.2,
          "rssDeltaMb": 135.69,
          "heapDeltaMb": 82.19,
          "eventLoopLagP50Ms": 0,
          "eventLoopLagP95Ms": 20
        },
        {
          "parseBatchSize": 16,
          "wallMs": 326,
          "fileCount": 1000,
          "nodes": 1000,
          "digest": "7aa5fa041eeaf7520446becdba214c613353fdb3b85cef514a5271db955b9828",
          "rssMb": 279.5,
          "rssDeltaMb": 137.83,
          "heapDeltaMb": 74.15,
          "eventLoopLagP50Ms": 0,
          "eventLoopLagP95Ms": 19
        },
        {
          "parseBatchSize": 16,
          "wallMs": 327,
          "fileCount": 1000,
          "nodes": 1000,
          "digest": "7aa5fa041eeaf7520446becdba214c613353fdb3b85cef514a5271db955b9828",
          "rssMb": 276.8,
          "rssDeltaMb": 141.64,
          "heapDeltaMb": 83.08,
          "eventLoopLagP50Ms": 0,
          "eventLoopLagP95Ms": 20
        }
      ],
      "note": "Fresh process per sample, including one discarded warmup. Fixture is graphs/src plus generated files to reach 1000 TypeScript sources. parseBatchSize is the outer Promise.all window; parseBatch remains sequential inside each worker."
    },
    {
      "parseBatchSize": 32,
      "fileCount": 1000,
      "nodes": 1000,
      "digest": "7aa5fa041eeaf7520446becdba214c613353fdb3b85cef514a5271db955b9828",
      "repetitions": 3,
      "wallMedianMs": 291,
      "wallP95Ms": 295,
      "peakRssMedianMb": 278.4,
      "rssDeltaMedianMb": 143.36,
      "eventLoopLagP95MedianMs": 15,
      "samples": [
        {
          "parseBatchSize": 32,
          "wallMs": 285,
          "fileCount": 1000,
          "nodes": 1000,
          "digest": "7aa5fa041eeaf7520446becdba214c613353fdb3b85cef514a5271db955b9828",
          "rssMb": 276.3,
          "rssDeltaMb": 143.36,
          "heapDeltaMb": 90.57,
          "eventLoopLagP50Ms": 0,
          "eventLoopLagP95Ms": 16
        },
        {
          "parseBatchSize": 32,
          "wallMs": 291,
          "fileCount": 1000,
          "nodes": 1000,
          "digest": "7aa5fa041eeaf7520446becdba214c613353fdb3b85cef514a5271db955b9828",
          "rssMb": 278.4,
          "rssDeltaMb": 143.7,
          "heapDeltaMb": 82.53,
          "eventLoopLagP50Ms": 0,
          "eventLoopLagP95Ms": 14
        },
        {
          "parseBatchSize": 32,
          "wallMs": 295,
          "fileCount": 1000,
          "nodes": 1000,
          "digest": "7aa5fa041eeaf7520446becdba214c613353fdb3b85cef514a5271db955b9828",
          "rssMb": 280.9,
          "rssDeltaMb": 140.28,
          "heapDeltaMb": 90.92,
          "eventLoopLagP50Ms": 0,
          "eventLoopLagP95Ms": 15
        }
      ],
      "note": "Fresh process per sample, including one discarded warmup. Fixture is graphs/src plus generated files to reach 1000 TypeScript sources. parseBatchSize is the outer Promise.all window; parseBatch remains sequential inside each worker."
    },
    {
      "parseBatchSize": 64,
      "fileCount": 1000,
      "nodes": 1000,
      "digest": "7aa5fa041eeaf7520446becdba214c613353fdb3b85cef514a5271db955b9828",
      "repetitions": 3,
      "wallMedianMs": 278,
      "wallP95Ms": 285,
      "peakRssMedianMb": 279.5,
      "rssDeltaMedianMb": 145.09,
      "eventLoopLagP95MedianMs": 1,
      "samples": [
        {
          "parseBatchSize": 64,
          "wallMs": 285,
          "fileCount": 1000,
          "nodes": 1000,
          "digest": "7aa5fa041eeaf7520446becdba214c613353fdb3b85cef514a5271db955b9828",
          "rssMb": 276.9,
          "rssDeltaMb": 137.44,
          "heapDeltaMb": 88.3,
          "eventLoopLagP50Ms": 0,
          "eventLoopLagP95Ms": 0
        },
        {
          "parseBatchSize": 64,
          "wallMs": 278,
          "fileCount": 1000,
          "nodes": 1000,
          "digest": "7aa5fa041eeaf7520446becdba214c613353fdb3b85cef514a5271db955b9828",
          "rssMb": 280.3,
          "rssDeltaMb": 145.09,
          "heapDeltaMb": 78.25,
          "eventLoopLagP50Ms": 0,
          "eventLoopLagP95Ms": 1
        },
        {
          "parseBatchSize": 64,
          "wallMs": 258,
          "fileCount": 1000,
          "nodes": 1000,
          "digest": "7aa5fa041eeaf7520446becdba214c613353fdb3b85cef514a5271db955b9828",
          "rssMb": 279.5,
          "rssDeltaMb": 145.75,
          "heapDeltaMb": 24.5,
          "eventLoopLagP50Ms": 0,
          "eventLoopLagP95Ms": 47
        }
      ],
      "note": "Fresh process per sample, including one discarded warmup. Fixture is graphs/src plus generated files to reach 1000 TypeScript sources. parseBatchSize is the outer Promise.all window; parseBatch remains sequential inside each worker."
    }
  ]
}
