{
  "runId": "2026-09-03T11-22-13-987Z",
  "planKey": "8d36a1d6e5790d9369cc8938b86aae6e5d0cf2acabd4aed55636966a1997f5a5:release",
  "tier": "release",
  "onlyProducers": [],
  "plannedAtHead": "9471b0e1ee90e904cad5de59cbc72f83a06ecceb",
  "currentHead": "9471b0e1ee90e904cad5de59cbc72f83a06ecceb",
  "sourceHead": "9471b0e1ee90e904cad5de59cbc72f83a06ecceb",
  "productFingerprint": "80aeef61a58109a32e494dbe22fe9174a09f995075300aee56406d494954f76d",
  "sourceFingerprint": "80aeef61a58109a32e494dbe22fe9174a09f995075300aee56406d494954f76d",
  "prerequisites": {
    "firecrawlConfigured": false,
    "linkupConfigured": false,
    "geminiConfigured": false,
    "darwin": false
  },
  "createdAt": "2026-09-03T11:22:14.793Z",
  "reused": false,
  "totalEstimatedDurationMs": 4905000,
  "changedPathCount": 0,
  "changedDomains": [],
  "unknownChangedPaths": [],
  "deferredReleaseProducers": [],
  "producers": [
    {
      "id": "parser-benchmark",
      "expectedProducerFingerprint": "05d5db00398b63cf2418392da07912306e9ad88e000e8a77362d45adcdf5fee1",
      "status": "STALE",
      "reason": "evidence producer fingerprint does not match current producer inputs",
      "estimatedDurationMs": 90000,
      "timeoutMs": 1500000,
      "artifacts": [
        "parser-benchmark"
      ],
      "dependencies": [
        "graphs-common"
      ]
    },
    {
      "id": "magnus-streaming-smoke",
      "expectedProducerFingerprint": "b1b3fbf3fb805f79a2a830b5e432526802ed5e2d69afd011742bbd9a78b409dd",
      "status": "CURRENT_GREEN",
      "reason": "current",
      "estimatedDurationMs": 45000,
      "timeoutMs": 180000,
      "artifacts": [
        "magnus-streaming-smoke"
      ],
      "dependencies": [
        "magnus-core",
        "magnus-guidance",
        "shared-workbench",
        "launch-harness"
      ]
    },
    {
      "id": "magnus-guidance-smoke",
      "expectedProducerFingerprint": "7b84f62df73c78dbb4cb287306e4e213baa6e1a6117f988133df9bddd51ec2b2",
      "status": "CURRENT_GREEN",
      "reason": "current",
      "estimatedDurationMs": 16128,
      "timeoutMs": 180000,
      "artifacts": [
        "magnus-guidance-smoke"
      ],
      "dependencies": [
        "magnus-guidance",
        "magnus-core",
        "shared-workbench",
        "launch-harness"
      ]
    },
    {
      "id": "magnus-live-activity",
      "expectedProducerFingerprint": "30eb60bbbb0de2a0019fdb437ec644bf013b2526f69ea79eff1cc17d40f642f6",
      "status": "STALE",
      "reason": "Live Activity AppKit path is macOS-only",
      "estimatedDurationMs": 45000,
      "timeoutMs": 120000,
      "artifacts": [
        "magnus-live-activity"
      ],
      "dependencies": [
        "live-activity",
        "magnus-core",
        "launch-harness"
      ]
    },
    {
      "id": "core-ide",
      "expectedProducerFingerprint": "0a6ae0c1d39c2ee951e887759c596239488f4db55b8165ee40ba078358f82e75",
      "status": "STALE",
      "reason": "evidence producer fingerprint does not match current producer inputs",
      "estimatedDurationMs": 120000,
      "timeoutMs": 240000,
      "artifacts": [
        "core-ide",
        "code-graph",
        "themes-a11y"
      ],
      "dependencies": [
        "core-ide",
        "shared-workbench",
        "graphs-common",
        "network-graph",
        "runtime-preview",
        "magnus-core",
        "launch-harness"
      ]
    },
    {
      "id": "runtime-preview",
      "expectedProducerFingerprint": "435b04037c786e9f07a0a37a3be56990f1005460b7be8789a4170f1f5d803d92",
      "status": "CURRENT_GREEN",
      "reason": "current",
      "estimatedDurationMs": 60000,
      "timeoutMs": 180000,
      "artifacts": [
        "runtime-preview"
      ],
      "dependencies": [
        "runtime-preview",
        "launch-harness"
      ]
    },
    {
      "id": "temporal-small",
      "expectedProducerFingerprint": "136f823c7ada2889d7ef690992a87845abcd7078f7d8425512a5f199fcb704c3",
      "status": "STALE",
      "reason": "evidence producer fingerprint does not match current producer inputs",
      "estimatedDurationMs": 90000,
      "timeoutMs": 180000,
      "artifacts": [
        "temporal-small"
      ],
      "dependencies": [
        "temporal",
        "graphs-common",
        "network-graph",
        "shared-workbench",
        "launch-harness"
      ]
    },
    {
      "id": "temporal-large",
      "expectedProducerFingerprint": "e33cdc029933b66891825e7f4b3bce287ae39320aa8360f9e243884561c22b5a",
      "status": "STALE",
      "reason": "evidence producer fingerprint does not match current producer inputs",
      "estimatedDurationMs": 150000,
      "timeoutMs": 240000,
      "artifacts": [
        "temporal-large"
      ],
      "dependencies": [
        "temporal",
        "graphs-common",
        "network-graph",
        "shared-workbench",
        "launch-harness"
      ]
    },
    {
      "id": "temporal-canonical-scale",
      "expectedProducerFingerprint": "0bcfb7ea79ad1285d1ed30f7be6c16c57ce8f36d0f64f5c11a140a9a9224917e",
      "status": "STALE",
      "reason": "canonical-scale Full Map drew zero community labels",
      "estimatedDurationMs": 300000,
      "timeoutMs": 600000,
      "artifacts": [
        "temporal-canonical-scale"
      ],
      "dependencies": [
        "temporal",
        "graphs-common",
        "network-graph",
        "shared-workbench",
        "launch-harness"
      ]
    },
    {
      "id": "electron-product-path",
      "expectedProducerFingerprint": "50c22cb2e8ed2247d6b1bf5b626cf37756388e42b1df3b1944e49d916d83654b",
      "status": "CURRENT_GREEN",
      "reason": "current",
      "estimatedDurationMs": 30000,
      "timeoutMs": 180000,
      "artifacts": [
        "electron-product-path"
      ],
      "dependencies": [
        "desktop-runtime",
        "electron-test-lab",
        "magnus-desktop-tools",
        "launch-harness"
      ]
    },
    {
      "id": "electron-native-cases",
      "expectedProducerFingerprint": "49de7d484b361872616fd657ed56eee1779436113c078e20f05b0764e88fb65e",
      "status": "CURRENT_GREEN",
      "reason": "current",
      "estimatedDurationMs": 35000,
      "timeoutMs": 240000,
      "artifacts": [
        "electron-native-cases"
      ],
      "dependencies": [
        "electron-test-lab",
        "desktop-runtime",
        "magnus-desktop-tools",
        "launch-harness"
      ]
    },
    {
      "id": "tauri-product-path",
      "expectedProducerFingerprint": "766d16897d7e8a4d01cda630c49a2c60afd27afe564c90d8de386c2545e59652",
      "status": "CURRENT_GREEN",
      "reason": "current",
      "estimatedDurationMs": 30000,
      "timeoutMs": 240000,
      "artifacts": [
        "tauri-product-path"
      ],
      "dependencies": [
        "desktop-runtime",
        "tauri-test-lab",
        "magnus-desktop-tools",
        "launch-harness"
      ]
    },
    {
      "id": "magnus-electron-tools",
      "expectedProducerFingerprint": "6e740f03a0fabe285a08aff280d787cbbe6da807870a362f2bf7847e352de7fe",
      "status": "CURRENT_GREEN",
      "reason": "current",
      "estimatedDurationMs": 150000,
      "timeoutMs": 300000,
      "artifacts": [
        "magnus-electron-tools"
      ],
      "dependencies": [
        "magnus-core",
        "magnus-desktop-tools",
        "electron-test-lab",
        "desktop-runtime",
        "launch-harness"
      ]
    },
    {
      "id": "magnus-tauri-tools",
      "expectedProducerFingerprint": "50cb248a8fe9eca2d5d0cd5b6e39c7c9e8bbd0aebc271c8bd14ef9fa9caf2a01",
      "status": "CURRENT_GREEN",
      "reason": "current",
      "estimatedDurationMs": 240000,
      "timeoutMs": 420000,
      "artifacts": [
        "magnus-tauri-tools"
      ],
      "dependencies": [
        "magnus-core",
        "magnus-desktop-tools",
        "tauri-test-lab",
        "desktop-runtime",
        "launch-harness"
      ]
    },
    {
      "id": "hybrid-web-smoke",
      "expectedProducerFingerprint": "15cb9101a75bb82b924c0769278755c139d8c15d9ecb2559b7e793dfce2a365a",
      "status": "STALE",
      "reason": "local hybrid skipped: both LINKUP_API_KEY and FIRECRAWL_API_KEY must resolve",
      "estimatedDurationMs": 60000,
      "timeoutMs": 180000,
      "artifacts": [
        "hybrid-web-smoke"
      ],
      "dependencies": [
        "web-context",
        "magnus-core",
        "cloud-auth",
        "launch-harness"
      ]
    },
    {
      "id": "privacy",
      "expectedProducerFingerprint": "6c032cef581ab3cd459a54c1eb5344780bbd1f1592c39b3526a38051d08b268b",
      "status": "CURRENT_GREEN",
      "reason": "current",
      "estimatedDurationMs": 90000,
      "timeoutMs": 180000,
      "artifacts": [
        "privacy"
      ],
      "dependencies": [
        "privacy",
        "shared-workbench",
        "launch-harness"
      ]
    },
    {
      "id": "load-quit",
      "expectedProducerFingerprint": "f84aec23d00041b120fc982630dc1b7a4dbf23513643c40c23c2275b32a39d61",
      "status": "STALE",
      "reason": "evidence producer fingerprint does not match current producer inputs",
      "estimatedDurationMs": 720000,
      "timeoutMs": 1200000,
      "artifacts": [
        "load-quit"
      ],
      "dependencies": [
        "shared-workbench",
        "graphs-common",
        "temporal",
        "runtime-preview",
        "magnus-core",
        "electron-test-lab",
        "tauri-test-lab",
        "launch-harness",
        "load-quit-lab",
        "live-activity"
      ]
    },
    {
      "id": "lifecycle-cycles",
      "expectedProducerFingerprint": "af68692e4d53531d8768f1634b3ec55e2fc88cd81d123657085fadeb94292d92",
      "status": "STALE",
      "reason": "evidence producer fingerprint does not match current producer inputs",
      "estimatedDurationMs": 90000,
      "timeoutMs": 1500000,
      "artifacts": [
        "lifecycle-cycles"
      ],
      "dependencies": [
        "shared-workbench",
        "graphs-common",
        "launch-harness",
        "lifecycle-lab",
        "live-activity"
      ]
    },
    {
      "id": "electron-restart-soak",
      "expectedProducerFingerprint": "af8660c2913ce14a927459612d089cbb4a15ac1d38f4837155777cb64eecef05",
      "status": "STALE",
      "reason": "evidence producer fingerprint does not match current producer inputs",
      "estimatedDurationMs": 900000,
      "timeoutMs": 5400000,
      "artifacts": [
        "electron-restart-soak"
      ],
      "dependencies": [
        "desktop-runtime",
        "electron-test-lab",
        "launch-harness"
      ]
    },
    {
      "id": "tauri-restart-soak",
      "expectedProducerFingerprint": "34ea9fd0fc4c49ca8777bf459580a9bd7132d231363b9e4ca167ff8a058bc527",
      "status": "STALE",
      "reason": "evidence producer fingerprint does not match current producer inputs",
      "estimatedDurationMs": 240000,
      "timeoutMs": 3600000,
      "artifacts": [
        "tauri-restart-soak"
      ],
      "dependencies": [
        "desktop-runtime",
        "tauri-test-lab",
        "launch-harness"
      ]
    },
    {
      "id": "idle-soak",
      "expectedProducerFingerprint": "868bc2be7f5ecaee5f6219ee73ad30ff4e2fc94cd0f9f6c8478f3e586f71f641",
      "status": "STALE",
      "reason": "evidence producer fingerprint does not match current producer inputs",
      "estimatedDurationMs": 900000,
      "timeoutMs": 1140000,
      "artifacts": [
        "idle-soak"
      ],
      "dependencies": [
        "shared-workbench",
        "launch-harness",
        "idle-soak-lab"
      ]
    },
    {
      "id": "active-soak",
      "expectedProducerFingerprint": "08b97e44fadd900b12c9d329e5287cd53c567236ed5df83abf0c298a8634fdde",
      "status": "STALE",
      "reason": "evidence producer fingerprint does not match current producer inputs",
      "estimatedDurationMs": 720000,
      "timeoutMs": 960000,
      "artifacts": [
        "active-soak"
      ],
      "dependencies": [
        "shared-workbench",
        "graphs-common",
        "network-graph",
        "temporal",
        "runtime-preview",
        "magnus-core",
        "launch-harness",
        "active-soak-lab"
      ]
    },
    {
      "id": "assurance",
      "expectedProducerFingerprint": "4afff2047c517628e90fcdf3b0c25a093b1d26997535e0b1750fb44b4d9f974f",
      "status": "STALE",
      "reason": "evidence producer fingerprint does not match current producer inputs",
      "estimatedDurationMs": 480000,
      "timeoutMs": 480000,
      "artifacts": [
        "assurance.json"
      ],
      "dependencies": [
        "assurance-leaf",
        "magnus-core",
        "graphs-common",
        "shared-workbench",
        "privacy"
      ]
    }
  ]
}
[phase3-final-gate] validation plan 2026-09-03T11-22-13-987Z tier=release
planKey 8d36a1d6e5790d9369cc8938b86aae6e5d0cf2acabd4aed55636966a1997f5a5:release
producers 23; current-green 9; stale/missing 14; external 0; deferred-release 0
estimated remaining 81m45s
