{
  "ok": false,
  "failures": [
    "Runtime Preview target did not open",
    "Runtime Preview did not detect the dev script",
    "Runtime Preview server did not start",
    "Runtime Preview did not connect to the fixture",
    "Runtime Preview inspection did not see fixture content",
    "Runtime Preview did not restart cleanly",
    "Runtime Preview stop retained the server port",
    "Runtime Preview was not active for quit-under-load"
  ],
  "schemaVersion": 3,
  "scenario": "runtime-preview",
  "sourceHead": "77294e3a5896a8c1fa792c278d8a336a97348db9",
  "sourceFingerprint": "4d764de343295f064a3d73fd611084dc54b08053c6e1341864fadcdae3413540",
  "productFingerprint": "4d764de343295f064a3d73fd611084dc54b08053c6e1341864fadcdae3413540",
  "generatedAt": "2026-09-03T08:55:10.670Z",
  "producerId": "runtime-preview",
  "producerFingerprint": "81102d868c288611b2d28d688c4e4ffe83e6be27f74fb46fe889aa8f50ac1b5c",
  "fixture": "/tmp/pb-runtime-5S3pum",
  "port": 40289,
  "pid": 126805,
  "cdpPort": 32901,
  "logFile": "/tmp/pb/20260903-085509-126749/code.log",
  "error": "locator.waitFor: Timeout 8000ms exceeded.\nCall log:\n  - waiting for locator('.quick-input-widget') to be visible\n\n    at executeWorkbenchCommand (/workspace/test/prebase/acceptance/runtime-preview-live.mjs:68:16)\n    at async run (/workspace/test/prebase/acceptance/runtime-preview-live.mjs:136:3)\n    at async file:///workspace/test/prebase/acceptance/runtime-preview-live.mjs:229:3",
  "quit": {
    "before": "126805       1 23.8 280344 prebase",
    "remaining": "gone",
    "leftoverPids": [],
    "latencyMs": 365,
    "terminationPath": "workbench",
    "workbenchCompleted": true,
    "usedSigterm": false,
    "usedSigkill": false
  },
  "portAfterQuit": [],
  "gracefulQuitMs": 365,
  "quitRequiredSigkill": false
}
