[sequential-live] start 2026-08-29T02:59:59Z HEAD=b736017122e253d2da27e8d21fdbe6891994d6d2
[sequential-live] 1/3 lifecycle-cycles
{
  "ok": false,
  "failures": [
    "lifecycle did not record live WebContents counts for each cycle"
  ],
  "classification": "warm-provisioning",
  "cold": 7,
  "warm": 20,
  "cycles": [
    {
      "id": "cycle-1",
      "processCount": 15
    },
    {
      "id": "cycle-2",
      "processCount": 15
    },
    {
      "id": "cycle-3",
      "processCount": 15
    },
    {
      "id": "cycle-4",
      "processCount": 15
    },
    {
      "id": "cycle-5",
      "processCount": 15
    },
    {
      "id": "cycle-6",
      "processCount": 15
    }
  ],
  "quit": {
    "before": "98869     1   0.0 134208 ./.build/electron/PreBase.app/Contents/MacOS/PreBase",
    "remaining": "gone",
    "leftoverPids": [],
    "latencyMs": 13958,
    "terminationPath": "sigterm",
    "workbenchCompleted": false,
    "usedSigterm": true,
    "usedSigkill": false
  }
}
[sequential-live] lifecycle exit=1
[sequential-live] 2/3 core-ide-live
{
  "ok": false,
  "failures": [
    "screen-reader on mode was not proven"
  ]
}
[sequential-live] core-ide exit=1
[sequential-live] 3/3 active-soak final 12min
{
  "ok": true,
  "failures": [],
  "samples": 36,
  "durationMs": 720000,
  "quit": {
    "before": "48731     1   0.0 171168 ./.build/electron/PreBase.app/Contents/MacOS/PreBase",
    "remaining": "gone",
    "leftoverPids": [],
    "latencyMs": 845,
    "terminationPath": "workbench",
    "workbenchCompleted": true,
    "usedSigterm": false,
    "usedSigkill": false
  }
}
[sequential-live] soak exit=0
[sequential-live] done 2026-08-29T03:28:47Z
