{
  "ok": true,
  "failures": [],
  "schemaVersion": 3,
  "scenario": "temporal-large",
  "sourceHead": "a5664becce62c5c8f42fd12a194f81ef395d41a1",
  "sourceFingerprint": "0f22697da0f4c1618b93f95bbea4305e894cbdf468ae299f68dd207c7f3c6fe4",
  "productFingerprint": "0f22697da0f4c1618b93f95bbea4305e894cbdf468ae299f68dd207c7f3c6fe4",
  "generatedAt": "2026-08-30T01:48:32.471Z",
  "producerId": "temporal-large",
  "producerFingerprint": "17f537422ce11f70eba7e0ebb3b0db8137b68e5917a1cf3ff742988c86c402de",
  "scale": "large",
  "fixture": {
    "dir": "/var/folders/3d/yr4tb1f91bd1fq80fk24jsxr0000gn/T/pb-temporal-large-fWvRZh",
    "head": "a302b28c41ab03526cbc41780cc413cf96711a1d",
    "commits": 50,
    "files": [
      "package.json",
      "src/adapters/mod-00.js",
      "src/adapters/mod-01.js",
      "src/adapters/mod-02.js",
      "src/adapters/mod-03.js",
      "src/adapters/mod-04.js",
      "src/adapters/mod-05.js",
      "src/adapters/mod-06.js",
      "src/adapters/mod-07.js",
      "src/adapters/mod-08.js",
      "src/adapters/mod-09.js",
      "src/adapters/mod-10.js",
      "src/adapters/mod-11.js",
      "src/adapters/mod-12.js",
      "src/adapters/mod-13.js",
      "src/adapters/mod-14.js",
      "src/adapters/mod-15.js",
      "src/adapters/mod-16.js",
      "src/adapters/mod-17.js",
      "src/adapters/mod-18.js",
      "src/adapters/mod-19.js",
      "src/adapters/mod-20.js",
      "src/adapters/mod-21.js",
      "src/adapters/mod-22.js",
      "src/adapters/mod-23.js",
      "src/adapters/mod-24.js",
      "src/adapters/mod-25.js",
      "src/adapters/mod-26.js",
      "src/adapters/mod-27.js",
      "src/cloud/mod-00.js",
      "src/cloud/mod-01.js",
      "src/cloud/mod-02.js",
      "src/cloud/mod-03.js",
      "src/cloud/mod-04.js",
      "src/cloud/mod-05.js",
      "src/cloud/mod-06.js",
      "src/cloud/mod-07.js",
      "src/cloud/mod-08.js",
      "src/cloud/mod-09.js",
      "src/cloud/mod-10.js",
      "src/cloud/mod-11.js",
      "src/cloud/mod-12.js",
      "src/cloud/mod-13.js",
      "src/cloud/mod-14.js",
      "src/cloud/mod-15.js",
      "src/cloud/mod-16.js",
      "src/cloud/mod-17.js",
      "src/cloud/mod-18.js",
      "src/cloud/mod-19.js",
      "src/cloud/mod-20.js",
      "src/cloud/mod-21.js",
      "src/cloud/mod-22.js",
      "src/cloud/mod-23.js",
      "src/cloud/mod-24.js",
      "src/cloud/mod-25.js",
      "src/cloud/mod-26.js",
      "src/cloud/mod-27.js",
      "src/core/mod-00.js",
      "src/core/mod-01.js",
      "src/core/mod-02.js",
      "src/core/mod-03.js",
      "src/core/mod-04.js",
      "src/core/mod-05.js",
      "src/core/mod-06.js",
      "src/core/mod-07.js",
      "src/core/mod-08.js",
      "src/core/mod-09.js",
      "src/core/mod-10.renamed.js",
      "src/core/mod-11.js",
      "src/core/mod-12.js",
      "src/core/mod-13.js",
      "src/core/mod-14.js",
      "src/core/mod-15.js",
      "src/core/mod-16.js",
      "src/core/mod-17.js",
      "src/core/mod-18.js",
      "src/core/mod-19.js",
      "src/core/mod-21.js",
      "src/core/mod-22.js",
      "src/core/mod-23.js",
      "src/core/mod-24.js",
      "src/core/mod-25.js",
      "src/core/mod-26.js",
      "src/core/mod-27.js",
      "src/desktop/mod-00.js",
      "src/desktop/mod-01.js",
      "src/desktop/mod-02.js",
      "src/desktop/mod-03.js",
      "src/desktop/mod-04.js",
      "src/desktop/mod-05.js",
      "src/desktop/mod-06.js",
      "src/desktop/mod-07.js",
      "src/desktop/mod-08.js",
      "src/desktop/mod-09.js",
      "src/desktop/mod-10.js",
      "src/desktop/mod-11.js",
      "src/desktop/mod-12.js",
      "src/desktop/mod-13.js",
      "src/desktop/mod-14.js",
      "src/desktop/mod-15.js",
      "src/desktop/mod-16.js",
      "src/desktop/mod-17.js",
      "src/desktop/mod-18.js",
      "src/desktop/mod-19.js",
      "src/desktop/mod-20.js",
      "src/desktop/mod-21.js",
      "src/desktop/mod-22.js",
      "src/desktop/mod-23.js",
      "src/desktop/mod-24.js",
      "src/desktop/mod-25.js",
      "src/desktop/mod-26.js",
      "src/desktop/mod-27.js",
      "src/host/mod-00.js",
      "src/host/mod-01.js",
      "src/host/mod-02.js",
      "src/host/mod-03.js",
      "src/host/mod-04.js",
      "src/host/mod-05.js",
      "src/host/mod-06.js",
      "src/host/mod-07.js",
      "src/host/mod-08.js",
      "src/host/mod-09.js",
      "src/host/mod-10.js",
      "src/host/mod-11.js",
      "src/host/mod-12.js",
      "src/host/mod-13.js",
      "src/host/mod-14.js",
      "src/host/mod-15.js",
      "src/host/mod-16.js",
      "src/host/mod-17.js",
      "src/host/mod-18.js",
      "src/host/mod-19.js",
      "src/host/mod-20.js",
      "src/host/mod-21.js",
      "src/host/mod-22.js",
      "src/host/mod-23.js",
      "src/host/mod-24.js",
      "src/host/mod-25.js",
      "src/host/mod-26.js",
      "src/host/mod-27.js",
      "src/layout/mod-00.js",
      "src/layout/mod-01.js",
      "src/layout/mod-02.js",
      "src/layout/mod-03.js",
      "src/layout/mod-04.js",
      "src/layout/mod-05.js",
      "src/layout/mod-06.js",
      "src/layout/mod-07.js",
      "src/layout/mod-08.js",
      "src/layout/mod-09.js",
      "src/layout/mod-10.js",
      "src/layout/mod-11.js",
      "src/layout/mod-12.js",
      "src/layout/mod-13.js",
      "src/layout/mod-14.js",
      "src/layout/mod-15.js",
      "src/layout/mod-16.js",
      "src/layout/mod-17.js",
      "src/layout/mod-18.js",
      "src/layout/mod-19.js",
      "src/layout/mod-20.js",
      "src/layout/mod-21.js",
      "src/layout/mod-22.js",
      "src/layout/mod-23.js",
      "src/layout/mod-24.js",
      "src/layout/mod-25.js",
      "src/layout/mod-26.js",
      "src/layout/mod-27.js",
      "src/magnus/mod-00.js",
      "src/magnus/mod-01.js",
      "src/magnus/mod-02.js",
      "src/magnus/mod-03.js",
      "src/magnus/mod-04.js",
      "src/magnus/mod-05.js",
      "src/magnus/mod-06.js",
      "src/magnus/mod-07.js",
      "src/magnus/mod-08.js",
      "src/magnus/mod-09.js",
      "src/magnus/mod-10.js",
      "src/magnus/mod-11.js",
      "src/magnus/mod-12.js",
      "src/magnus/mod-13.js",
      "src/magnus/mod-14.js",
      "src/magnus/mod-15.js",
      "src/magnus/mod-16.js",
      "src/magnus/mod-17.js",
      "src/magnus/mod-18.js",
      "src/magnus/mod-19.js",
      "src/magnus/mod-20.js",
      "src/magnus/mod-21.js",
      "src/magnus/mod-22.js",
      "src/magnus/mod-23.js",
      "src/magnus/mod-24.js",
      "src/magnus/mod-25.js",
      "src/magnus/mod-26.js",
      "src/magnus/mod-27.js",
      "src/parser/mod-00.js",
      "src/parser/mod-01.js",
      "src/parser/mod-02.js",
      "src/parser/mod-03.js",
      "src/parser/mod-04.js",
      "src/parser/mod-05.js",
      "src/parser/mod-06.js",
      "src/parser/mod-07.js",
      "src/parser/mod-08.js",
      "src/parser/mod-09.js",
      "src/parser/mod-10.js",
      "src/parser/mod-11.js",
      "src/parser/mod-12.js",
      "src/parser/mod-13.js",
      "src/parser/mod-14.js",
      "src/parser/mod-15.js",
      "src/parser/mod-16.js",
      "src/parser/mod-17.js",
      "src/parser/mod-18.js",
      "src/parser/mod-19.js",
      "src/parser/mod-20.js",
      "src/parser/mod-21.js",
      "src/parser/mod-22.js",
      "src/parser/mod-23.js",
      "src/parser/mod-24.js",
      "src/parser/mod-25.js",
      "src/parser/mod-26.js",
      "src/parser/mod-27.js",
      "src/runtime/mod-00.js",
      "src/runtime/mod-01.js",
      "src/runtime/mod-02.js",
      "src/runtime/mod-03.js",
      "src/runtime/mod-04.js",
      "src/runtime/mod-05.js",
      "src/runtime/mod-06.js",
      "src/runtime/mod-07.js",
      "src/runtime/mod-08.js",
      "src/runtime/mod-09.js",
      "src/runtime/mod-10.js",
      "src/runtime/mod-11.js",
      "src/runtime/mod-12.js",
      "src/runtime/mod-13.js",
      "src/runtime/mod-14.js",
      "src/runtime/mod-15.js",
      "src/runtime/mod-16.js",
      "src/runtime/mod-17.js",
      "src/runtime/mod-18.js",
      "src/runtime/mod-19.js",
      "src/runtime/mod-20.js",
      "src/runtime/mod-21.js",
      "src/runtime/mod-22.js",
      "src/runtime/mod-23.js",
      "src/runtime/mod-24.js",
      "src/runtime/mod-25.js",
      "src/runtime/mod-26.js",
      "src/runtime/mod-27.js",
      "src/test/mod-00.js",
      "src/test/mod-01.js",
      "src/test/mod-02.js",
      "src/test/mod-03.js",
      "src/test/mod-04.js",
      "src/test/mod-05.js",
      "src/test/mod-06.js",
      "src/test/mod-07.js",
      "src/test/mod-08.js",
      "src/test/mod-09.js",
      "src/test/mod-10.js",
      "src/test/mod-11.js",
      "src/test/mod-12.js",
      "src/test/mod-13.js",
      "src/test/mod-14.js",
      "src/test/mod-15.js",
      "src/test/mod-16.js",
      "src/test/mod-17.js",
      "src/test/mod-18.js",
      "src/test/mod-19.js",
      "src/test/mod-20.js",
      "src/test/mod-21.js",
      "src/test/mod-22.js",
      "src/test/mod-23.js",
      "src/test/mod-24.js",
      "src/test/mod-25.js",
      "src/test/mod-26.js",
      "src/test/mod-27.js",
      "src/ui/mod-00.js",
      "src/ui/mod-01.js",
      "src/ui/mod-02.js",
      "src/ui/mod-03.js",
      "src/ui/mod-04.js",
      "src/ui/mod-05.js",
      "src/ui/mod-06.js",
      "src/ui/mod-07.js",
      "src/ui/mod-08.js",
      "src/ui/mod-09.js",
      "src/ui/mod-10.js",
      "src/ui/mod-11.js",
      "src/ui/mod-12.js",
      "src/ui/mod-13.js",
      "src/ui/mod-14.js",
      "src/ui/mod-15.js",
      "src/ui/mod-16.js",
      "src/ui/mod-17.js",
      "src/ui/mod-18.js",
      "src/ui/mod-19.js",
      "src/ui/mod-20.js",
      "src/ui/mod-21.js",
      "src/ui/mod-22.js",
      "src/ui/mod-23.js",
      "src/ui/mod-24.js",
      "src/ui/mod-25.js",
      "src/ui/mod-26.js",
      "src/ui/mod-27.js",
      "src/util/mod-00.js",
      "src/util/mod-01.js",
      "src/util/mod-02.js",
      "src/util/mod-03.js",
      "src/util/mod-04.js",
      "src/util/mod-05.js",
      "src/util/mod-06.js",
      "src/util/mod-07.js",
      "src/util/mod-08.js",
      "src/util/mod-09.js",
      "src/util/mod-10.js",
      "src/util/mod-11.js",
      "src/util/mod-12.js",
      "src/util/mod-13.js",
      "src/util/mod-14.js",
      "src/util/mod-15.js",
      "src/util/mod-16.js",
      "src/util/mod-17.js",
      "src/util/mod-18.js",
      "src/util/mod-19.js",
      "src/util/mod-20.js",
      "src/util/mod-21.js",
      "src/util/mod-22.js",
      "src/util/mod-23.js",
      "src/util/mod-24.js",
      "src/util/mod-25.js",
      "src/util/mod-26.js",
      "src/util/mod-27.js"
    ],
    "expectedModifiedPath": "src/cloud/mod-04.js\nsrc/core/mod-01.js\nsrc/desktop/mod-20.js\nsrc/host/mod-24.js\nsrc/layout/mod-20.js\nsrc/runtime/mod-08.js\nsrc/test/mod-16.js\nsrc/ui/mod-12.js",
    "firstParentSummary": "a302b28c41ab03526cbc41780cc413cf96711a1d 43b2c0ba1efede03e81ccd459af7ea82978a3c83 feat: cross-community wave\n\n src/cloud/mod-04.js   | 1 +\n src/core/mod-01.js    | 1 +\n src/desktop/mod-20.js | 1 +\n src/host/mod-24.js    | 1 +\n src/layout/mod-20.js  | 1 +\n src/runtime/mod-08.js | 1 +\n src/test/mod-16.js    | 1 +\n src/ui/mod-12.js      | 1 +\n 8 files changed, 8 insertions(+)",
    "scale": "large"
  },
  "pid": 73886,
  "cdpPort": 62784,
  "fullMap": {
    "sequenceId": 26,
    "mode": "temporal",
    "displayMode": "state",
    "renderStart": 2346.899999976158,
    "renderEnd": 2347.2999999821186,
    "durationMs": 0.4000000059604645,
    "selectedCommitSha": "a302b28c41ab03526cbc41780cc413cf96711a1d",
    "renderedCommitSha": "a302b28c41ab03526cbc41780cc413cf96711a1d",
    "isPartialLineage": true,
    "receivedNodeCount": 338,
    "visibleNodeCount": 338,
    "finiteCoordinateCount": 338,
    "nodesDrawn": 338,
    "edgesDrawn": 3,
    "labelsDrawn": 8,
    "selectedNodeId": null,
    "transform": {
      "x": 286.34090909090907,
      "y": 351.26325757575756,
      "k": 0.24621212121212122
    },
    "canvas": {
      "clientWidth": 552,
      "clientHeight": 708,
      "width": 1104,
      "height": 1416,
      "distinctPixels": 277078
    },
    "summary": {
      "addedCount": 0,
      "removedCount": 0,
      "modifiedCount": 8,
      "renamedCount": 0,
      "renamedModifiedCount": 0,
      "unchangedCount": 330,
      "edgeAddedCount": 0,
      "edgeRemovedCount": 0,
      "edgeModifiedCount": 0
    },
    "lodTier": "aggregate",
    "isAnimating": true,
    "timestamp": 2347.2999999821186,
    "viewportWidth": 552,
    "viewportHeight": 708,
    "labelCount": 8,
    "projectedBounds": {
      "minX": 70.41287878787875,
      "minY": 122.53219696969694,
      "maxX": 481.5871212121212,
      "maxY": 565.467803030303,
      "width": 411.17424242424244,
      "height": 442.93560606060606
    },
    "screenUtilization": 0.4660088437133904
  },
  "focusChanges": {
    "sequenceId": 59,
    "mode": "temporal",
    "displayMode": "changes",
    "renderStart": 2796.7999999821186,
    "renderEnd": 2797,
    "durationMs": 0.20000001788139343,
    "selectedCommitSha": "a302b28c41ab03526cbc41780cc413cf96711a1d",
    "renderedCommitSha": "a302b28c41ab03526cbc41780cc413cf96711a1d",
    "isPartialLineage": true,
    "receivedNodeCount": 338,
    "visibleNodeCount": 24,
    "finiteCoordinateCount": 338,
    "nodesDrawn": 24,
    "edgesDrawn": 16,
    "labelsDrawn": 8,
    "selectedNodeId": null,
    "transform": {
      "x": 141.36676328280632,
      "y": 284.2693403544936,
      "k": 0.26116368699569315
    },
    "canvas": {
      "clientWidth": 552,
      "clientHeight": 708,
      "width": 1104,
      "height": 1416,
      "distinctPixels": 7495
    },
    "summary": {
      "addedCount": 0,
      "removedCount": 0,
      "modifiedCount": 8,
      "renamedCount": 0,
      "renamedModifiedCount": 0,
      "unchangedCount": 330,
      "edgeAddedCount": 0,
      "edgeRemovedCount": 0,
      "edgeModifiedCount": 0
    },
    "lodTier": "aggregate",
    "isAnimating": true,
    "timestamp": 2797,
    "viewportWidth": 552,
    "viewportHeight": 708,
    "labelCount": 8,
    "projectedBounds": {
      "minX": 141.36676328280632,
      "minY": 284.2693403544936,
      "maxX": 569.4140462687474,
      "maxY": 477.26930504431084,
      "width": 428.047282985941,
      "height": 192.99996468981726
    },
    "screenUtilization": 0.21138620348670173
  },
  "targetOpened": true,
  "repoLoaded": true,
  "camera": {
    "afterFocus": {
      "x": 87.32540449901634,
      "y": 259.2963198431114,
      "k": 0.2667371147705943
    },
    "afterUserZoom": {
      "x": -76.965188546727,
      "y": 177.80643853446233,
      "k": 0.466939290475153
    },
    "afterWait": {
      "x": -76.965188546727,
      "y": 177.80643853446233,
      "k": 0.466939290475153
    }
  },
  "stuckIndexing": false,
  "unexpectedError": false,
  "quit": {
    "startedAt": 1788054518721,
    "quitMs": 201,
    "remaining": "gone",
    "before": "73886     1  19.9 344208 ./.build/electron/PreBase.app/Contents/MacOS/PreBase",
    "after": "gone"
  }
}
