{
  "ok": true,
  "failures": [],
  "schemaVersion": 3,
  "scenario": "temporal-small",
  "sourceHead": "f65acb33c9943aaf2f6d729a6b6f889af3eb5ce5",
  "sourceFingerprint": "a8c47d7896a123e7053712a1f45e1e99a5fa84c61db61a388495bc3227581da3",
  "productFingerprint": "a8c47d7896a123e7053712a1f45e1e99a5fa84c61db61a388495bc3227581da3",
  "generatedAt": "2026-09-03T07:53:08.026Z",
  "producerId": "temporal-small",
  "producerFingerprint": "cd0cba598a797615da744f89cbdca2990deaa05b8155fad64607842a588eb1db",
  "scale": "small",
  "fixture": {
    "dir": "/tmp/pb-temporal-TdSfGF",
    "head": "63d469a5717e25bcbde029dc95d0d0ae5d970af2",
    "commits": 10,
    "files": [
      "package.json",
      "src/greet.js",
      "src/index.js",
      "src/tally.js"
    ],
    "expectedModifiedPath": "src/tally.js",
    "firstParentSummary": "63d469a5717e25bcbde029dc95d0d0ae5d970af2 4eee101d954b7ac7173053300ab76fc4ecbefc5f fix: double tally\n\n src/tally.js | 2 +-\n 1 file changed, 1 insertion(+), 1 deletion(-)"
  },
  "pid": 105576,
  "cdpPort": 40619,
  "sourceProfile": "/tmp/pb-temporal-profile-dvMgQ9",
  "gitReady": {
    "ok": true,
    "count": 1
  },
  "fullMap": {
    "sequenceId": 11,
    "mode": "temporal",
    "displayMode": "state",
    "renderStart": 454.19999999925494,
    "renderEnd": 454.40000000037253,
    "durationMs": 0.2000000011175871,
    "selectedCommitSha": "63d469a5717e25bcbde029dc95d0d0ae5d970af2",
    "renderedCommitSha": "63d469a5717e25bcbde029dc95d0d0ae5d970af2",
    "isPartialLineage": true,
    "receivedNodeCount": 4,
    "visibleNodeCount": 4,
    "finiteCoordinateCount": 4,
    "nodesDrawn": 4,
    "leafNodesDrawn": 4,
    "aggregateNodesDrawn": 0,
    "receivedLeafNodeCount": 4,
    "communitiesRepresented": 0,
    "visibleChangedNodeCount": 1,
    "visibleChangedAggregateCount": 0,
    "culledLeafCount": 0,
    "projectionTier": "detail",
    "lodTier": "full",
    "structuralOk": true,
    "humanVisualReviewRequired": true,
    "edgesDrawn": 2,
    "leafEdgesDrawn": 2,
    "aggregateEdgesDrawn": 0,
    "labelsDrawn": 4,
    "guideLabelsDrawn": 2,
    "fileLabelsDrawn": 4,
    "communityLabelsDrawn": 2,
    "routeBadgesDrawn": 0,
    "totalLabelsDrawn": 6,
    "labelCollisionCullCount": 0,
    "renderedLabelOverlapCount": 0,
    "compositeLabelOverlapCount": 0,
    "labelOverlapCount": 0,
    "selectedNodeId": null,
    "transform": {
      "x": 567.2770270270271,
      "y": 425.63851351351354,
      "k": 1.9493243243243243
    },
    "canvas": {
      "clientWidth": 796,
      "clientHeight": 815,
      "width": 783,
      "height": 802,
      "distinctPixels": 59473
    },
    "summary": {
      "addedCount": 0,
      "removedCount": 0,
      "modifiedCount": 1,
      "renamedCount": 0,
      "renamedModifiedCount": 0,
      "unchangedCount": 3,
      "edgeAddedCount": 0,
      "edgeRemovedCount": 0,
      "edgeModifiedCount": 0
    },
    "isAnimating": false,
    "timestamp": 454.40000000037253,
    "viewportWidth": 796,
    "viewportHeight": 815,
    "labelCount": 4,
    "projectedBounds": {
      "minX": 360.6486486486487,
      "minY": 189.7702702702703,
      "maxX": 641.3513513513515,
      "maxY": 595.2297297297298,
      "width": 280.70270270270277,
      "height": 405.4594594594595
    },
    "screenUtilization": 0.17543787358055188
  },
  "processBeforeInteractions": "105576       1 72.0 293164 prebase",
  "focusChanges": {
    "sequenceId": 26,
    "mode": "temporal",
    "displayMode": "changes",
    "renderStart": 1154.300000000745,
    "renderEnd": 1154.4000000003725,
    "durationMs": 0.09999999962747097,
    "selectedCommitSha": "63d469a5717e25bcbde029dc95d0d0ae5d970af2",
    "renderedCommitSha": "63d469a5717e25bcbde029dc95d0d0ae5d970af2",
    "isPartialLineage": true,
    "receivedNodeCount": 4,
    "visibleNodeCount": 2,
    "finiteCoordinateCount": 4,
    "nodesDrawn": 2,
    "leafNodesDrawn": 2,
    "aggregateNodesDrawn": 0,
    "receivedLeafNodeCount": 2,
    "communitiesRepresented": 0,
    "visibleChangedNodeCount": 1,
    "visibleChangedAggregateCount": 0,
    "culledLeafCount": 0,
    "projectionTier": "detail",
    "lodTier": "full",
    "structuralOk": true,
    "humanVisualReviewRequired": true,
    "edgesDrawn": 1,
    "leafEdgesDrawn": 1,
    "aggregateEdgesDrawn": 0,
    "labelsDrawn": 2,
    "guideLabelsDrawn": 2,
    "fileLabelsDrawn": 2,
    "communityLabelsDrawn": 2,
    "routeBadgesDrawn": 0,
    "totalLabelsDrawn": 4,
    "labelCollisionCullCount": 0,
    "renderedLabelOverlapCount": 0,
    "compositeLabelOverlapCount": 0,
    "labelOverlapCount": 0,
    "selectedNodeId": null,
    "transform": {
      "x": 489.469536646757,
      "y": 561.8545782887543,
      "k": 2.8129603127022516
    },
    "canvas": {
      "clientWidth": 796,
      "clientHeight": 815,
      "width": 783,
      "height": 802,
      "distinctPixels": 26209
    },
    "summary": {
      "addedCount": 0,
      "removedCount": 0,
      "modifiedCount": 1,
      "renamedCount": 0,
      "renamedModifiedCount": 0,
      "unchangedCount": 3,
      "edgeAddedCount": 0,
      "edgeRemovedCount": 0,
      "edgeModifiedCount": 0
    },
    "isAnimating": false,
    "timestamp": 1154.4000000003725,
    "viewportWidth": 796,
    "viewportHeight": 815,
    "labelCount": 2,
    "projectedBounds": {
      "minX": 579.484266653229,
      "minY": 221.48638045178183,
      "maxX": 596.3620285294426,
      "maxY": 401.51584046472595,
      "width": 16.877761876213526,
      "height": 180.02946001294413
    },
    "screenUtilization": 0.0046836858476458606
  },
  "targetOpened": true,
  "repoLoaded": true,
  "zoomTiers": [],
  "processAfterInteractions": "105576       1 47.4 295096 prebase",
  "camera": {
    "afterFocus": {
      "x": 462.35823944009275,
      "y": 609.3178006391339,
      "k": 3.1138862498434197
    },
    "afterUserZoom": {
      "x": 465.9619004635123,
      "y": 638.0696313361526,
      "k": 3.5
    },
    "afterWait": {
      "x": 465.9619004635123,
      "y": 638.0696313361526,
      "k": 3.5
    },
    "afterFit": {
      "x": 454.9358686247747,
      "y": 623.348428784566,
      "k": 3.2088682864064855
    }
  },
  "stuckIndexing": false,
  "unexpectedError": false,
  "quit": {
    "startedAt": 1788422007987,
    "quitMs": 201,
    "remaining": "gone",
    "before": "105576       1 20.5 294764 prebase",
    "after": "gone"
  }
}
