npm warn Unknown env config "devdir". This will stop working in the next major version of npm. See `npm help npmrc` for supported config options.

> code-oss-dev@1.128.0 assurance:quick
> npm run verify:graphs-boundary && npm run verify:startup && npm run verify:typescript && npm run verify:icons && npm run verify:supabase-migrations && npm run verify:supabase-rls-static && npm run typecheck:graphs && npm run typecheck-client && npm run test:graphs

npm warn Unknown env config "devdir". This will stop working in the next major version of npm. See `npm help npmrc` for supported config options.

> code-oss-dev@1.128.0 verify:graphs-boundary
> node graphs/scripts/verify-boundary/verify.mjs

Graph boundary check OK
Allowlist exceptions: 9
npm warn Unknown env config "devdir". This will stop working in the next major version of npm. See `npm help npmrc` for supported config options.

> code-oss-dev@1.128.0 verify:startup
> node scripts/startup/verify-workbench-startup.mjs

verify:startup: static checks PASS
verify:startup: launch skipped (set PREBASE_STARTUP_LAUNCH=1 to enable)
npm warn Unknown env config "devdir". This will stop working in the next major version of npm. See `npm help npmrc` for supported config options.

> code-oss-dev@1.128.0 verify:typescript
> node graphs/scripts/verify-typescript-lanes.mjs

TypeScript compiler lanes

[primary CLI]
  package.json: npm:typescript@^7.0.2
  installed:    typescript@7.0.2
  executable:   Version 7.0.2
  used by:      typecheck-client, typecheck:ts7, build/lib/typescriptCompiler.ts → tsc, monaco/valid-layers checks

[compat API / tsc6]
  package.json: npm:@typescript/typescript6@^6.0.2
  installed:    @typescript/typescript6@6.0.2
  import API:   6.0.3
  executable:   Version 6.0.3
  used by:      build/lib/* `import from "typescript"`, typescript-eslint, html language features

[editor language service]
  Prefer TypeScript 7 LSP / native preview extension where available;
  built-in typescript-language-features may still use bundled/workspace TS6 until configured.

Reference: docs/TYPESCRIPT_7_MIGRATION.md
npm warn Unknown env config "devdir". This will stop working in the next major version of npm. See `npm help npmrc` for supported config options.

> code-oss-dev@1.128.0 verify:icons
> node scripts/icons/verify-icons.mjs

verify:icons: 101/101 OK
npm warn Unknown env config "devdir". This will stop working in the next major version of npm. See `npm help npmrc` for supported config options.

> code-oss-dev@1.128.0 verify:supabase-migrations
> node scripts/supabase/verify-migrations.mjs

verify:supabase-migrations: 5 migrations, 6 tables, RLS OK
npm warn Unknown env config "devdir". This will stop working in the next major version of npm. See `npm help npmrc` for supported config options.

> code-oss-dev@1.128.0 verify:supabase-rls-static
> node scripts/supabase/verify-rls-static.mjs

verify:supabase-rls-static: PASS (policy shape)
Runtime adversarial checklist (manual / CI test project):
 - Create User A and User B via Auth
 - As A: insert profile, preferences, session, run, event
 - As B: SELECT each table — expect 0 rows from A
 - As B: UPDATE/DELETE A rows — expect deny
 - As B: INSERT with user_id=A — expect deny
 - Anonymous + publishable key only — expect deny on all user tables
 - As A: INSERT into agent_usage — expect deny (server-only writes)
npm warn Unknown env config "devdir". This will stop working in the next major version of npm. See `npm help npmrc` for supported config options.

> code-oss-dev@1.128.0 typecheck:graphs
> npm run typecheck --prefix graphs

npm warn Unknown env config "devdir". This will stop working in the next major version of npm. See `npm help npmrc` for supported config options.

> @prebase/graphs@0.1.0 typecheck
> tsc -p ./tsconfig.json --noEmit

npm warn Unknown env config "devdir". This will stop working in the next major version of npm. See `npm help npmrc` for supported config options.

> code-oss-dev@1.128.0 typecheck-client
> tsc -p ./src/tsconfig.json --noEmit --skipLibCheck

npm warn Unknown env config "devdir". This will stop working in the next major version of npm. See `npm help npmrc` for supported config options.

> code-oss-dev@1.128.0 test:graphs
> node graphs/scripts/run-unit-tests.mjs



  PreBase networkLayout
    ✔ sphere radius scales with node count and spread
    ✔ community is deterministic and 3D
    ✔ organic is deterministic and 3D
    ✔ sphere is deterministic and 3D
    ✔ constellation is deterministic and 3D
    ✔ clustered is deterministic and 3D
    ✔ radial is deterministic and 3D
    ✔ community empty and one-node graphs stay finite and deterministic
    ✔ community Force keeps members closer than random pairs


  9 passing (16ms)



  Graph ownership boundary (Phase A)
    ✔ Architecture Graph stays unavailable on active paths but preserved on disk (One-Graph-Type)
    ✔ graphs/src/core has no flat shim .ts files
    ✔ graphSettingsUi.ts exports public Settings UI surface
    ✔ settings/ui.ts re-exports Settings UI helpers; settings/index.ts stays DOM-free
    ✔ prebaseSettingsEditor routes through graphSettingsUi and does not bind PreBaseGraphConfigKeys


  5 passing (7ms)



  PreBase graphProduct
    ✔ normalizeToCodeGraphType maps legacy and unknown to code
    ✔ isCodeGraphCanvas is true for code and network
    ✔ code canvas path excludes architecture-only product type


  3 passing (3ms)



  PreBase graph confidence / provenance
    ✔ import and contains edges are EXTRACTED with source line; cross-folder deps are INFERRED
    ✔ dynamic import edges are AMBIGUOUS
    ✔ static import named dynamic stays EXTRACTED (not a dynamic import)
    ✔ duplicate identical imports collapse to one edge


  4 passing (4ms)



  PreBase communities
    ✔ stable community ids across two runs
    ✔ disconnected graph gets separate communities with stable remapping
    ✔ listCommunitySummaries sorts by count desc then id
    ✔ important nodes exclude folders and ignore contains-only degree
    ✔ contains edges do not glue disconnected import components
    ✔ hidden community helpers normalize and match


  6 passing (8ms)



  PreBase graphQuery
    ✔ shortestPath is deterministic with sorted neighbor expansion
    ✔ affectedNodes walks reverse dependencies
    ✔ searchNodes seed-first for exact id/path
    ✔ searchNodes reports truncation
    ✔ shortestPath respects visit budget without claiming a path


  5 passing (3ms)



  PreBase bridgeNodes
    ✔ finds nodes spanning 2+ communities via import edges
    ✔ sorts by crossEdgeCount desc then id
    ✔ ignores contains edges for bridging
    ✔ deterministic across two runs
    ✔ partial community meta keeps labeled ids (no full remap)


  5 passing (4ms)



  PreBase explainNode
    ✔ returns structured local explanation without AI fields
    ✔ marks important hub when ranked
    ✔ missing node returns found:false
    ✔ computes degrees from edges when meta is absent; confidence covers all incident
    ✔ truncates neighbor lists per edge kind with notice


  5 passing (4ms)



  PreBase surprisingConnections
    ✔ ranks cross-community import edges by surprise
    ✔ ignores same-community and contains edges
    ✔ dedupes to one edge per community pair
    ✔ respects top N and is deterministic
    ✔ rarer community-pair edges outrank dense pairs at same confidence


  5 passing (4ms)



  selectedNodeCard morph
    ✔ t=0 is a square matching the dot diameter
    ✔ t=1 matches First Test card dimensions
    ✔ intermediate values remain finite and in range
    ✔ hit testing matches interpolated bounds
    ✔ delta clamp bounds sleep spikes
    ✔ theme color helper falls back without getProperty


  6 passing (3ms)



  Code Graph webview HTML
    ✔ embedded webview script parses (template-literal escapes must survive)


  1 passing (3ms)

